[33mThe CJS build of Vite's Node API is deprecated. See https://vite.dev/guide/troubleshooting.html#vite-cjs-node-api-deprecated for more details.[39m

  [32m[1mVITE[22m v5.4.21[39m  [2mready in [0m[1m599[22m[2m[0m ms[22m

  [32m➜[39m  [1mLocal[22m:   [36mhttp://localhost:[1m5173[22m/[39m
  [32m➜[39m  [1mNetwork[22m: [36mhttp://192.168.42.124:[1m5173[22m/[39m
[36mvite v5.4.21 [32mbuilding for development...[36m[39m
[36m
watching for file changes...[39m
[36mvite v5.4.21 [32mbuilding for development...[36m[39m
[36m
watching for file changes...[39m
[36m
build started...[39m
[36m
build started...[39m
(node:8844) [MODULE_TYPELESS_PACKAGE_JSON] Warning: Module type of file:///E:/My%20cafe%20System/postcss.config.js is not specified and it doesn't parse as CommonJS.
Reparsing as ES module because module syntax was detected. This incurs a performance overhead.
To eliminate this warning, add "type": "module" to E:\My cafe System\package.json.
(Use `node --trace-warnings ...` to show where the warning was created)
transforming...
transforming...
[32m✓[39m 1 modules transformed.
[32m✓[39m 1 modules transformed.
rendering chunks...
rendering chunks...
computing gzip size...
computing gzip size...
[2mdist-electron/[22m[36mpreload.js  [39m[1m[2m4.89 kB[22m[1m[22m[2m │ gzip: 0.86 kB[22m
[2mdist-electron/[22m[36mpreload.js  [39m[1m[2m4.89 kB[22m[1m[22m[2m │ gzip: 0.86 kB[22m
[36mbuilt in 807ms.[39m
[2mdist-electron/[22m[36mmain.js  [39m[1m[2m13.77 kB[22m[1m[22m[2m │ gzip: 3.16 kB[22m
[2mdist-electron/[22m[36mmain.js  [39m[1m[2m13.77 kB[22m[1m[22m[2m │ gzip: 3.16 kB[22m
[36mbuilt in 808ms.[39m

[21452:0611/221108.595:ERROR:CONSOLE(1)] "Request Autofill.enable failed. {"code":-32601,"message":"'Autofill.enable' wasn't found"}", source: devtools://devtools/bundled/core/protocol_client/protocol_client.js (1)
ERROR: The process "21452" not found.
